2025-09-13 06:33:35,834 - INFO - Using device: cuda:0
2025-09-13 06:33:35,835 - INFO - 데이터 로딩 중...
2025-09-13 06:48:44,637 - INFO - 데이터 전처리 시작...
2025-09-13 06:48:45,574 - WARNING - Inf 값 발견! 제거합니다.
2025-09-13 06:48:47,571 - INFO - 범주형 변수별 고유값 개수:
2025-09-13 06:48:47,571 - INFO -   oper_group: 277개
2025-09-13 06:48:47,572 - INFO -   days: 7개
2025-09-13 06:48:47,573 - INFO -   shift: 3개
2025-09-13 06:48:47,573 - INFO -   x1: 20개
2025-09-13 06:48:52,213 - INFO - 날짜 기준 데이터 분할 완료:
2025-09-13 06:48:52,214 - INFO -   - 총 날짜 수: 90일
2025-09-13 06:48:52,214 - INFO -   - Train: 72일 (1,342,808행)
2025-09-13 06:48:52,215 - INFO -   - Validation: 9일 (170,705행)
2025-09-13 06:48:52,215 - INFO -   - Test: 9일 (157,944행)
2025-09-13 06:48:52,216 - INFO -   - Train 날짜 범위: 20250503 ~ 20250713
2025-09-13 06:48:52,216 - INFO -   - Val 날짜 범위: 20250714 ~ 20250722
2025-09-13 06:48:52,217 - INFO -   - Test 날짜 범위: 20250723 ~ 20250731
2025-09-13 06:48:52,217 - INFO - 연속형 변수 정규화
2025-09-13 06:48:52,218 - INFO - StandardScaler 사용 (평균 0, 표준편차 1)
2025-09-13 06:48:53,041 - INFO - Normalize done!
2025-09-13 06:48:53,041 - INFO - 타겟 변수 범위:
2025-09-13 06:48:53,046 - INFO -   Train: [0.0000, 18.6040]
2025-09-13 06:48:53,047 - INFO -   Val: [0.0000, 9.1310]
2025-09-13 06:48:53,048 - INFO -   Test: [0.0000, 28.2140]
2025-09-13 06:50:53,177 - INFO - GroupedOperDataset 생성 완료:
2025-09-13 06:50:53,178 - INFO -   - 총 시퀀스 수: 1325598
2025-09-13 06:50:53,179 - INFO -   - Window 크기: 11
2025-09-13 06:50:53,179 - INFO -   - Stride: 1
2025-09-13 06:50:53,180 - INFO -   - 전체 시퀀스 길이: 70
2025-09-13 06:50:53,181 - INFO -   - 최대 그룹 크기: 59
2025-09-13 06:50:53,181 - INFO -   - 그룹 기준 위치: middle
2025-09-13 06:51:09,452 - INFO - GroupedOperDataset 생성 완료:
2025-09-13 06:51:09,453 - INFO -   - 총 시퀀스 수: 168545
2025-09-13 06:51:09,453 - INFO -   - Window 크기: 11
2025-09-13 06:51:09,454 - INFO -   - Stride: 1
2025-09-13 06:51:09,455 - INFO -   - 전체 시퀀스 길이: 63
2025-09-13 06:51:09,455 - INFO -   - 최대 그룹 크기: 52
2025-09-13 06:51:09,456 - INFO -   - 그룹 기준 위치: middle
2025-09-13 06:51:24,447 - INFO - GroupedOperDataset 생성 완료:
2025-09-13 06:51:24,447 - INFO -   - 총 시퀀스 수: 155954
2025-09-13 06:51:24,448 - INFO -   - Window 크기: 11
2025-09-13 06:51:24,448 - INFO -   - Stride: 1
2025-09-13 06:51:24,449 - INFO -   - 전체 시퀀스 길이: 63
2025-09-13 06:51:24,449 - INFO -   - 최대 그룹 크기: 52
2025-09-13 06:51:24,450 - INFO -   - 그룹 기준 위치: middle
2025-09-13 06:51:24,451 - INFO - 데이터로더 생성 완료:
2025-09-13 06:51:24,451 - INFO -   - 훈련 샘플: 1325598
2025-09-13 06:51:24,452 - INFO -   - 검증 샘플: 168545
2025-09-13 06:51:24,452 - INFO -   - 테스트 샘플: 155954
2025-09-13 06:51:24,453 - INFO -   - 배치 크기: 128
2025-09-13 06:51:24,453 - INFO -   - 그룹 기준 위치: middle
2025-09-13 06:51:24,585 - INFO - 모델 생성 완료:
2025-09-13 06:51:24,585 - INFO -   - 총 파라미터 수: 1,497,625
2025-09-13 06:51:24,586 - INFO -   - 학습 가능한 파라미터 수: 1,497,625
2025-09-13 06:51:24,587 - INFO - 훈련 시작...
2025-09-13 06:51:26,820 - INFO - 훈련 시작: 10 에폭, 학습률 0.0001
2025-09-13 07:28:08,028 - INFO - Epoch   1: Train Loss=0.0253, Val Loss=0.0225, Train MAPE=77.96%, Val MAPE=57.11%
2025-09-13 07:28:08,058 - INFO -   → Best model saved! (Val Loss: 0.0225)
2025-09-13 08:04:05,278 - INFO - Epoch   2: Train Loss=0.0228, Val Loss=0.0199, Train MAPE=60.86%, Val MAPE=51.33%
2025-09-13 08:04:05,346 - INFO -   → Best model saved! (Val Loss: 0.0199)
2025-09-13 08:43:48,759 - INFO - Epoch   3: Train Loss=0.0220, Val Loss=0.0196, Train MAPE=58.74%, Val MAPE=68.85%
2025-09-13 08:43:48,820 - INFO -   → Best model saved! (Val Loss: 0.0196)
2025-09-13 09:19:44,271 - INFO - Epoch   4: Train Loss=0.0217, Val Loss=0.0197, Train MAPE=57.80%, Val MAPE=55.04%
2025-09-13 09:56:27,382 - INFO - Epoch   5: Train Loss=0.0214, Val Loss=0.0191, Train MAPE=56.98%, Val MAPE=47.06%
2025-09-13 09:56:27,443 - INFO -   → Best model saved! (Val Loss: 0.0191)
2025-09-13 10:33:53,078 - INFO - Epoch   6: Train Loss=0.0212, Val Loss=0.0192, Train MAPE=57.30%, Val MAPE=55.71%
2025-09-13 11:10:59,599 - INFO - Epoch   7: Train Loss=0.0209, Val Loss=0.0195, Train MAPE=57.13%, Val MAPE=52.39%
2025-09-13 11:49:35,379 - INFO - Epoch   8: Train Loss=0.0207, Val Loss=0.0199, Train MAPE=57.07%, Val MAPE=55.45%
2025-09-13 12:37:30,325 - INFO - Epoch   9: Train Loss=0.0200, Val Loss=0.0192, Train MAPE=55.17%, Val MAPE=49.52%
2025-09-13 13:24:44,505 - INFO - Epoch  10: Train Loss=0.0197, Val Loss=0.0200, Train MAPE=54.72%, Val MAPE=48.00%
2025-09-13 13:24:44,507 - INFO - Early stopping at epoch 10
2025-09-13 13:24:44,509 - INFO - 훈련 완료, 테스트 시작...
2025-09-13 13:24:44,509 - INFO - Evaluation setting: target
2025-09-13 13:24:44,510 - INFO - 모델 로드: 250913_test/transformer_20250913_063334.pth
2025-09-13 13:24:44,510 - INFO - 평가 방식: target
2025-09-13 13:24:44,549 - INFO - 테스트 시작...
2025-09-13 13:26:37,042 - INFO - 테스트 결과:
2025-09-13 13:26:37,043 - INFO -   - RMSE: 0.1485
2025-09-13 13:26:37,043 - INFO -   - MAE: 0.0493
2025-09-13 13:26:37,044 - INFO -   - MAPE: 44.44%
2025-09-13 13:26:37,044 - INFO -   - 평가 샘플 수: 155,954개
2025-09-13 13:26:37,886 - INFO - 구조화된 예측 결과 저장: 250913_test/transformer_20250913_063334_structured_predictions.csv
2025-09-13 13:26:37,887 - INFO - 예측 결과 요약:
2025-09-13 13:26:37,888 - INFO -   - 총 예측 수: 155954
2025-09-13 13:26:37,889 - INFO -   - 고유한 시간대: 199개
2025-09-13 13:26:37,891 - INFO -   - 고유한 oper_id: 0개
