2025-09-08 13:50:27,386 - INFO - Using device: cuda:0
2025-09-08 13:50:27,386 - INFO - 데이터 로딩 중...
2025-09-08 14:06:04,211 - INFO - y값 제거 후: 1671457행
2025-09-08 14:06:04,212 - INFO - 
Inf 값 확인:
2025-09-08 14:06:04,224 - INFO -      → 아주 큰 값(100000.0)으로 대체
2025-09-08 14:06:04,649 - INFO - 원본 데이터 로드 완료:
2025-09-08 14:06:04,649 - INFO -   - 총 행 수: 1,671,457개
2025-09-08 14:06:04,657 - INFO -   - 고유 timekey_hr: 2136개
2025-09-08 14:06:04,657 - INFO - 통합된 범주형 변수 설정:
2025-09-08 14:06:04,657 - INFO -   - 변수별 카테고리 수: {'oper_group': 277, 'days': 7, 'shift': 3, 'x1': 20}
2025-09-08 14:06:04,657 - INFO -   - 총 vocabulary 크기: 307
2025-09-08 14:06:04,734 - INFO -   - oper_group: 인덱스 0~276 (277개)
2025-09-08 14:06:04,815 - INFO -   - days: 인덱스 277~283 (7개)
2025-09-08 14:06:04,897 - INFO -   - shift: 인덱스 284~286 (3개)
2025-09-08 14:06:04,983 - INFO -   - x1: 인덱스 287~306 (20개)
2025-09-08 14:06:04,983 - INFO -   - 최종 통합 vocabulary 크기: 307
2025-09-08 14:06:05,622 - INFO - 날짜 기준 데이터 분할 완료:
2025-09-08 14:06:05,622 - INFO -   - 총 날짜 수: 90일
2025-09-08 14:06:05,622 - INFO -   - Train: 72일 (1,342,808행)
2025-09-08 14:06:05,622 - INFO -   - Validation: 9일 (170,705행)
2025-09-08 14:06:05,622 - INFO -   - Test: 9일 (157,944행)
2025-09-08 14:06:05,623 - INFO -   - Train 날짜 범위: 20250503 ~ 20250713
2025-09-08 14:06:05,623 - INFO -   - Val 날짜 범위: 20250714 ~ 20250722
2025-09-08 14:06:05,623 - INFO -   - Test 날짜 범위: 20250723 ~ 20250731
2025-09-08 14:06:05,623 - INFO - 
Window sliding 설정:
2025-09-08 14:06:05,623 - INFO -   - Window 크기: 100
2025-09-08 14:06:05,623 - INFO -   - Stride: 100 (비겹침)
2025-09-08 14:06:05,623 - INFO -   - Padding 값: -999.0
2025-09-08 14:06:25,775 - INFO - Window sliding 결과:
2025-09-08 14:06:25,775 - INFO -   - 총 샘플 수: 13756
2025-09-08 14:06:25,778 - INFO -   - 평균 실제 길이: 97.6
2025-09-08 14:06:25,780 - INFO -   - 최대 실제 길이: 100
2025-09-08 14:06:25,780 - INFO -   - 최소 실제 길이: 1
2025-09-08 14:06:25,782 - INFO -   - 고유한 timekey_hr: 1721개
2025-09-08 14:06:25,782 - INFO -   - timekey_hr당 평균 샘플 수: 8.0개
2025-09-08 14:06:25,786 - INFO - 시퀀스 데이터셋 구성 완료:
2025-09-08 14:06:25,786 - INFO -   - 총 샘플 수: 13756
2025-09-08 14:06:25,786 - INFO -   - Window 크기: 100
2025-09-08 14:06:25,786 - INFO -   - Stride: 100
2025-09-08 14:06:25,786 - INFO -   - 연속형 차원: 20
2025-09-08 14:06:25,786 - INFO -   - 범주형 변수 수: 4
2025-09-08 14:06:25,786 - INFO -   - 임베딩 차원: 8
2025-09-08 14:06:25,786 - INFO -   - 최종 특성 차원: 52
2025-09-08 14:06:25,786 - INFO -   - 패딩값: -999.0
2025-09-08 14:06:28,287 - INFO - Window sliding 결과:
2025-09-08 14:06:28,287 - INFO -   - 총 샘플 수: 1730
2025-09-08 14:06:28,287 - INFO -   - 평균 실제 길이: 98.7
2025-09-08 14:06:28,287 - INFO -   - 최대 실제 길이: 100
2025-09-08 14:06:28,288 - INFO -   - 최소 실제 길이: 1
2025-09-08 14:06:28,288 - INFO -   - 고유한 timekey_hr: 216개
2025-09-08 14:06:28,288 - INFO -   - timekey_hr당 평균 샘플 수: 8.0개
2025-09-08 14:06:28,289 - INFO - 시퀀스 데이터셋 구성 완료:
2025-09-08 14:06:28,289 - INFO -   - 총 샘플 수: 1730
2025-09-08 14:06:28,289 - INFO -   - Window 크기: 100
2025-09-08 14:06:28,289 - INFO -   - Stride: 100
2025-09-08 14:06:28,289 - INFO -   - 연속형 차원: 20
2025-09-08 14:06:28,289 - INFO -   - 범주형 변수 수: 4
2025-09-08 14:06:28,289 - INFO -   - 임베딩 차원: 8
2025-09-08 14:06:28,289 - INFO -   - 최종 특성 차원: 52
2025-09-08 14:06:28,289 - INFO -   - 패딩값: -999.0
2025-09-08 14:06:30,534 - INFO - Window sliding 결과:
2025-09-08 14:06:30,534 - INFO -   - 총 샘플 수: 1603
2025-09-08 14:06:30,534 - INFO -   - 평균 실제 길이: 98.5
2025-09-08 14:06:30,535 - INFO -   - 최대 실제 길이: 100
2025-09-08 14:06:30,535 - INFO -   - 최소 실제 길이: 1
2025-09-08 14:06:30,535 - INFO -   - 고유한 timekey_hr: 199개
2025-09-08 14:06:30,535 - INFO -   - timekey_hr당 평균 샘플 수: 8.1개
2025-09-08 14:06:30,536 - INFO - 시퀀스 데이터셋 구성 완료:
2025-09-08 14:06:30,536 - INFO -   - 총 샘플 수: 1603
2025-09-08 14:06:30,536 - INFO -   - Window 크기: 100
2025-09-08 14:06:30,536 - INFO -   - Stride: 100
2025-09-08 14:06:30,536 - INFO -   - 연속형 차원: 20
2025-09-08 14:06:30,536 - INFO -   - 범주형 변수 수: 4
2025-09-08 14:06:30,537 - INFO -   - 임베딩 차원: 8
2025-09-08 14:06:30,537 - INFO -   - 최종 특성 차원: 52
2025-09-08 14:06:30,537 - INFO -   - 패딩값: -999.0
2025-09-08 14:06:30,537 - INFO - 
데이터로더 생성 완료:
2025-09-08 14:06:30,537 - INFO -   - 배치 크기: 16
2025-09-08 14:06:30,537 - INFO -   - Train 배치 수: 860
2025-09-08 14:06:30,537 - INFO -   - Val 배치 수: 109
2025-09-08 14:06:30,538 - INFO -   - Test 배치 수: 101
2025-09-08 14:06:30,538 - INFO -   - 최종 특성 차원: 52
2025-09-08 14:06:30,635 - INFO - 모델 생성 중...
2025-09-08 14:06:32,070 - INFO - 데이터로더에서 추출한 특성 차원: 52
2025-09-08 14:06:32,070 - INFO - 모델 생성 중:
2025-09-08 14:06:32,070 - INFO -   - 모델 타입: lstm
2025-09-08 14:06:32,070 - INFO -   - 입력 특성 차원: 52
2025-09-08 14:06:32,070 - INFO -   - 히든 차원: 128
2025-09-08 14:06:32,071 - INFO -   - 레이어 수: 2
2025-09-08 14:06:32,071 - INFO -   - 드롭아웃: 0.1
2025-09-08 14:06:32,078 - INFO -   - RNN 타입: LSTM
2025-09-08 14:06:32,078 - INFO -   - 양방향: Yes
2025-09-08 14:06:32,078 - INFO -   - 총 파라미터 수: 614,657
2025-09-08 14:06:32,078 - INFO -   - 학습 가능한 파라미터 수: 614,657
2025-09-08 14:06:32,078 - INFO - 모델 생성 완료!
2025-09-08 14:06:32,078 - INFO - 훈련 시작...
2025-09-08 14:06:34,439 - INFO - 훈련 시작: 10 에폭, 학습률 0.001
2025-09-08 14:06:34,439 - INFO - 모델 타입: lstm
2025-09-08 14:06:34,440 - INFO - 검증 간격: 2 에폭마다
2025-09-08 14:06:34,440 - INFO - 로깅 간격: 1 에폭마다
2025-09-08 14:06:42,512 - INFO - Epoch   1: Train Loss=0.0267, Train MAPE=69.85% (검증 생략)
2025-09-08 14:06:50,357 - INFO - Epoch   2: Train Loss=0.0262, Val Loss=0.0221, Train MAPE=67.58%, Val MAPE=62.12%
2025-09-08 14:06:50,372 - INFO -   → Best model saved! (Val Loss: 0.0221)
2025-09-08 14:06:58,267 - INFO - Epoch   3: Train Loss=0.0258, Train MAPE=66.05% (검증 생략)
2025-09-08 14:07:06,070 - INFO - Epoch   4: Train Loss=0.0257, Val Loss=0.0215, Train MAPE=66.12%, Val MAPE=57.05%
2025-09-08 14:07:06,094 - INFO -   → Best model saved! (Val Loss: 0.0215)
2025-09-08 14:07:13,095 - INFO - Epoch   5: Train Loss=0.0255, Train MAPE=67.37% (검증 생략)
2025-09-08 14:07:20,848 - INFO - Epoch   6: Train Loss=0.0261, Val Loss=0.0211, Train MAPE=68.77%, Val MAPE=64.06%
2025-09-08 14:07:20,871 - INFO -   → Best model saved! (Val Loss: 0.0211)
2025-09-08 14:07:27,868 - INFO - Epoch   7: Train Loss=0.0259, Train MAPE=69.94% (검증 생략)
2025-09-08 14:07:35,710 - INFO - Epoch   8: Train Loss=0.0258, Val Loss=0.0222, Train MAPE=69.07%, Val MAPE=72.48%
2025-09-08 14:07:42,642 - INFO - Epoch   9: Train Loss=0.0258, Train MAPE=70.15% (검증 생략)
2025-09-08 14:07:50,476 - INFO - Epoch  10: Train Loss=0.0259, Val Loss=0.0212, Train MAPE=71.85%, Val MAPE=70.99%
2025-09-08 14:07:50,477 - INFO - 훈련 완료, 테스트 시작...
2025-09-08 14:07:50,477 - INFO - 모델 로드: results/250909_lstm/lstm_20250908_135026.pth
2025-09-08 14:07:50,493 - INFO - 테스트 시작
2025-09-08 14:07:53,096 - INFO - 테스트 결과: RMSE=0.1565, MAE=0.0561, MAPE=13313.64%
2025-09-08 14:07:53,097 - INFO - 구조화된 예측 결과: 157,944개
2025-09-08 14:07:53,098 - INFO - 결과 저장 완료: results/250909_lstm/lstm_20250908_135026_results.json
2025-09-08 14:07:54,804 - INFO - 구조화된 예측 결과 저장:
2025-09-08 14:07:54,804 - INFO -   - 파일 경로: results/250909_lstm/lstm_20250908_135026_predictions.csv
2025-09-08 14:07:54,804 - INFO -   - 저장된 예측 개수: 157,944개
2025-09-08 14:07:54,805 - INFO -   - 고유한 timekey_hr: 199개
2025-09-08 14:07:54,812 - INFO -   - 고유한 oper_id: 813개
2025-09-08 14:07:54,818 - INFO -   - 고유한 first_oper_id: 126개
2025-09-08 14:07:54,825 - INFO -   - 고유한 last_oper_id: 121개
2025-09-08 14:07:54,825 - INFO -   - 평균 윈도우 길이: 99.3
2025-09-08 14:07:54,825 - INFO - ==================================================
2025-09-08 14:07:54,825 - INFO - 실험 완료: lstm_20250908_135026
2025-09-08 14:07:54,825 - INFO - 모델 타입: lstm
2025-09-08 14:07:54,825 - INFO - 테스트 RMSE: 0.1565
2025-09-08 14:07:54,826 - INFO - 테스트 MAE: 0.0561
2025-09-08 14:07:54,826 - INFO - 테스트 MAPE: 13313.64%
2025-09-08 14:07:54,826 - INFO - 총 파라미터 수: 614,657
2025-09-08 14:07:54,826 - INFO - 학습 가능한 파라미터 수: 614,657
2025-09-08 14:07:54,826 - INFO - 모델 저장 위치: results/250909_lstm/lstm_20250908_135026.pth
2025-09-08 14:07:54,826 - INFO - 결과 저장 위치: results/250909_lstm/lstm_20250908_135026_results.json
2025-09-08 14:07:54,826 - INFO - ==================================================
