2025-09-07 02:16:41,827 - INFO - Using device: cuda:0
2025-09-07 02:16:41,827 - INFO - 데이터 로딩 중...
2025-09-07 02:31:58,688 - INFO - y값 제거 후: 1671457행
2025-09-07 02:31:58,688 - INFO - 
Inf 값 확인:
2025-09-07 02:31:58,700 - INFO -      → 아주 큰 값(100000.0)으로 대체
2025-09-07 02:31:59,163 - INFO - 원본 데이터 로드 완료:
2025-09-07 02:31:59,163 - INFO -   - 총 행 수: 1,671,457개
2025-09-07 02:31:59,171 - INFO -   - 고유 timekey_hr: 2136개
2025-09-07 02:31:59,171 - INFO - 통합된 범주형 변수 설정:
2025-09-07 02:31:59,171 - INFO -   - 변수별 카테고리 수: {'oper_group': 277, 'days': 7, 'shift': 3, 'x1': 20}
2025-09-07 02:31:59,171 - INFO -   - 총 vocabulary 크기: 307
2025-09-07 02:31:59,284 - INFO -   - oper_group: 인덱스 0~276 (277개)
2025-09-07 02:31:59,361 - INFO -   - days: 인덱스 277~283 (7개)
2025-09-07 02:31:59,434 - INFO -   - shift: 인덱스 284~286 (3개)
2025-09-07 02:31:59,517 - INFO -   - x1: 인덱스 287~306 (20개)
2025-09-07 02:31:59,518 - INFO -   - 최종 통합 vocabulary 크기: 307
2025-09-07 02:32:00,148 - INFO - 날짜 기준 데이터 분할 완료:
2025-09-07 02:32:00,149 - INFO -   - 총 날짜 수: 90일
2025-09-07 02:32:00,149 - INFO -   - Train: 72일 (1,342,808행)
2025-09-07 02:32:00,149 - INFO -   - Validation: 9일 (170,705행)
2025-09-07 02:32:00,149 - INFO -   - Test: 9일 (157,944행)
2025-09-07 02:32:00,149 - INFO -   - Train 날짜 범위: 20250503 ~ 20250713
2025-09-07 02:32:00,149 - INFO -   - Val 날짜 범위: 20250714 ~ 20250722
2025-09-07 02:32:00,149 - INFO -   - Test 날짜 범위: 20250723 ~ 20250731
2025-09-07 02:32:00,149 - INFO - 
Window sliding 설정:
2025-09-07 02:32:00,149 - INFO -   - Window 크기: 100
2025-09-07 02:32:00,149 - INFO -   - Stride: 100 (비겹침)
2025-09-07 02:32:00,150 - INFO -   - Padding 값: -9999.0
2025-09-07 02:32:20,495 - INFO - Window sliding 결과:
2025-09-07 02:32:20,495 - INFO -   - 총 샘플 수: 13756
2025-09-07 02:32:20,498 - INFO -   - 평균 실제 길이: 97.6
2025-09-07 02:32:20,499 - INFO -   - 최대 실제 길이: 100
2025-09-07 02:32:20,501 - INFO -   - 최소 실제 길이: 1
2025-09-07 02:32:20,502 - INFO -   - 고유한 timekey_hr: 1721개
2025-09-07 02:32:20,502 - INFO -   - timekey_hr당 평균 샘플 수: 8.0개
2025-09-07 02:32:20,506 - INFO - 시퀀스 데이터셋 구성 완료:
2025-09-07 02:32:20,506 - INFO -   - 총 샘플 수: 13756
2025-09-07 02:32:20,506 - INFO -   - Window 크기: 100
2025-09-07 02:32:20,506 - INFO -   - Stride: 100
2025-09-07 02:32:20,507 - INFO -   - 연속형 차원: 20
2025-09-07 02:32:20,507 - INFO -   - 범주형 변수 수: 4
2025-09-07 02:32:20,507 - INFO -   - 임베딩 차원: 8
2025-09-07 02:32:20,507 - INFO -   - 최종 특성 차원: 52
2025-09-07 02:32:20,507 - INFO -   - 패딩값: -9999.0
2025-09-07 02:32:22,492 - INFO - Window sliding 결과:
2025-09-07 02:32:22,493 - INFO -   - 총 샘플 수: 1730
2025-09-07 02:32:22,493 - INFO -   - 평균 실제 길이: 98.7
2025-09-07 02:32:22,493 - INFO -   - 최대 실제 길이: 100
2025-09-07 02:32:22,493 - INFO -   - 최소 실제 길이: 1
2025-09-07 02:32:22,494 - INFO -   - 고유한 timekey_hr: 216개
2025-09-07 02:32:22,494 - INFO -   - timekey_hr당 평균 샘플 수: 8.0개
2025-09-07 02:32:22,495 - INFO - 시퀀스 데이터셋 구성 완료:
2025-09-07 02:32:22,495 - INFO -   - 총 샘플 수: 1730
2025-09-07 02:32:22,495 - INFO -   - Window 크기: 100
2025-09-07 02:32:22,495 - INFO -   - Stride: 100
2025-09-07 02:32:22,495 - INFO -   - 연속형 차원: 20
2025-09-07 02:32:22,495 - INFO -   - 범주형 변수 수: 4
2025-09-07 02:32:22,495 - INFO -   - 임베딩 차원: 8
2025-09-07 02:32:22,495 - INFO -   - 최종 특성 차원: 52
2025-09-07 02:32:22,495 - INFO -   - 패딩값: -9999.0
2025-09-07 02:32:24,877 - INFO - Window sliding 결과:
2025-09-07 02:32:24,877 - INFO -   - 총 샘플 수: 1603
2025-09-07 02:32:24,878 - INFO -   - 평균 실제 길이: 98.5
2025-09-07 02:32:24,878 - INFO -   - 최대 실제 길이: 100
2025-09-07 02:32:24,878 - INFO -   - 최소 실제 길이: 1
2025-09-07 02:32:24,879 - INFO -   - 고유한 timekey_hr: 199개
2025-09-07 02:32:24,879 - INFO -   - timekey_hr당 평균 샘플 수: 8.1개
2025-09-07 02:32:24,880 - INFO - 시퀀스 데이터셋 구성 완료:
2025-09-07 02:32:24,880 - INFO -   - 총 샘플 수: 1603
2025-09-07 02:32:24,880 - INFO -   - Window 크기: 100
2025-09-07 02:32:24,880 - INFO -   - Stride: 100
2025-09-07 02:32:24,880 - INFO -   - 연속형 차원: 20
2025-09-07 02:32:24,880 - INFO -   - 범주형 변수 수: 4
2025-09-07 02:32:24,880 - INFO -   - 임베딩 차원: 8
2025-09-07 02:32:24,880 - INFO -   - 최종 특성 차원: 52
2025-09-07 02:32:24,880 - INFO -   - 패딩값: -9999.0
2025-09-07 02:32:24,881 - INFO - 
데이터로더 생성 완료:
2025-09-07 02:32:24,881 - INFO -   - 배치 크기: 16
2025-09-07 02:32:24,881 - INFO -   - Train 배치 수: 860
2025-09-07 02:32:24,881 - INFO -   - Val 배치 수: 109
2025-09-07 02:32:24,881 - INFO -   - Test 배치 수: 101
2025-09-07 02:32:24,881 - INFO -   - 최종 특성 차원: 52
2025-09-07 02:32:24,979 - INFO - 모델 생성 중...
2025-09-07 02:32:26,422 - INFO - 데이터로더에서 추출한 특성 차원: 52
2025-09-07 02:32:26,422 - INFO - 모델 생성 중:
2025-09-07 02:32:26,422 - INFO -   - 모델 타입: transformer
2025-09-07 02:32:26,422 - INFO -   - 입력 특성 차원: 52
2025-09-07 02:32:26,422 - INFO -   - 히든 차원: 128
2025-09-07 02:32:26,422 - INFO -   - 레이어 수: 2
2025-09-07 02:32:26,422 - INFO -   - 드롭아웃: 0.1
2025-09-07 02:32:26,430 - INFO -   - d_model: 64
2025-09-07 02:32:26,430 - INFO -   - num_heads: 8
2025-09-07 02:32:26,431 - INFO -   - dim_feedforward: 1024
2025-09-07 02:32:26,431 - INFO -   - 위치 인코딩: 사용
2025-09-07 02:32:26,431 - INFO -   - 총 파라미터 수: 303,617
2025-09-07 02:32:26,431 - INFO -   - 학습 가능한 파라미터 수: 303,617
2025-09-07 02:32:26,431 - INFO - 모델 생성 완료!
2025-09-07 02:32:26,431 - INFO - 훈련 시작...
2025-09-07 02:32:28,674 - INFO - 훈련 시작: 10 에폭, 학습률 0.001
2025-09-07 02:32:28,674 - INFO - 모델 타입: transformer
2025-09-07 02:32:28,674 - INFO - 검증 간격: 2 에폭마다
2025-09-07 02:32:28,674 - INFO - 로깅 간격: 1 에폭마다
2025-09-07 02:32:37,870 - INFO - Epoch   1: Train Loss=0.0379, Train MAPE=59303.99% (검증 생략)
2025-09-07 02:32:47,369 - INFO - Epoch   2: Train Loss=0.0281, Val Loss=0.0213, Train MAPE=47941.07%, Val MAPE=14737.77%
2025-09-07 02:32:47,384 - INFO -   → Best model saved! (Val Loss: 0.0213)
2025-09-07 02:32:55,956 - INFO - Epoch   3: Train Loss=0.0271, Train MAPE=57223.22% (검증 생략)
2025-09-07 02:33:04,263 - INFO - Epoch   4: Train Loss=450000.0150, Val Loss=1000000.0000, Train MAPE=nan%, Val MAPE=nan%
2025-09-07 02:33:10,238 - INFO - Epoch   5: Train Loss=1000000.0000, Train MAPE=nan% (검증 생략)
2025-09-07 02:33:17,183 - INFO - Epoch   6: Train Loss=1000000.0000, Val Loss=1000000.0000, Train MAPE=nan%, Val MAPE=nan%
2025-09-07 02:33:23,193 - INFO - Epoch   7: Train Loss=1000000.0000, Train MAPE=nan% (검증 생략)
2025-09-07 02:33:30,133 - INFO - Epoch   8: Train Loss=1000000.0000, Val Loss=1000000.0000, Train MAPE=nan%, Val MAPE=nan%
2025-09-07 02:33:36,201 - INFO - Epoch   9: Train Loss=1000000.0000, Train MAPE=nan% (검증 생략)
2025-09-07 02:33:43,094 - INFO - Epoch  10: Train Loss=1000000.0000, Val Loss=1000000.0000, Train MAPE=nan%, Val MAPE=nan%
2025-09-07 02:33:43,098 - INFO - 훈련 완료, 테스트 시작...
2025-09-07 02:33:43,098 - INFO - 모델 로드: results/250907_transformer_d_model_64_num_heads_4/transformer_20250907_021640.pth
2025-09-07 02:33:43,117 - INFO - 테스트 시작
2025-09-07 02:33:45,846 - INFO - 테스트 결과: RMSE=0.1545, MAE=0.0541, MAPE=8877.37%
2025-09-07 02:33:45,846 - INFO - 구조화된 예측 결과: 157,944개
2025-09-07 02:33:45,847 - INFO - 결과 저장 완료: results/250907_transformer_d_model_64_num_heads_4/transformer_20250907_021640_results.json
2025-09-07 02:33:47,540 - INFO - 구조화된 예측 결과 저장:
2025-09-07 02:33:47,540 - INFO -   - 파일 경로: results/250907_transformer_d_model_64_num_heads_4/transformer_20250907_021640_predictions.csv
2025-09-07 02:33:47,540 - INFO -   - 저장된 예측 개수: 157,944개
2025-09-07 02:33:47,541 - INFO -   - 고유한 timekey_hr: 199개
2025-09-07 02:33:47,549 - INFO -   - 고유한 oper_id: 813개
2025-09-07 02:33:47,557 - INFO -   - 고유한 first_oper_id: 126개
2025-09-07 02:33:47,567 - INFO -   - 고유한 last_oper_id: 121개
2025-09-07 02:33:47,567 - INFO -   - 평균 윈도우 길이: 99.3
2025-09-07 02:33:47,567 - INFO - ==================================================
2025-09-07 02:33:47,567 - INFO - 실험 완료: transformer_20250907_021640
2025-09-07 02:33:47,567 - INFO - 모델 타입: transformer
2025-09-07 02:33:47,567 - INFO - 테스트 RMSE: 0.1545
2025-09-07 02:33:47,568 - INFO - 테스트 MAE: 0.0541
2025-09-07 02:33:47,568 - INFO - 테스트 MAPE: 8877.37%
2025-09-07 02:33:47,568 - INFO - 총 파라미터 수: 303,617
2025-09-07 02:33:47,568 - INFO - 학습 가능한 파라미터 수: 303,617
2025-09-07 02:33:47,568 - INFO - 모델 저장 위치: results/250907_transformer_d_model_64_num_heads_4/transformer_20250907_021640.pth
2025-09-07 02:33:47,568 - INFO - 결과 저장 위치: results/250907_transformer_d_model_64_num_heads_4/transformer_20250907_021640_results.json
2025-09-07 02:33:47,568 - INFO - ==================================================
