2025-09-08 12:27:39,933 - INFO - Using device: cuda:0
2025-09-08 12:27:39,933 - INFO - 데이터 로딩 중...
2025-09-08 12:43:17,388 - INFO - y값 제거 후: 1671457행
2025-09-08 12:43:17,388 - INFO - 
Inf 값 확인:
2025-09-08 12:43:17,400 - INFO -      → 아주 큰 값(100000.0)으로 대체
2025-09-08 12:43:17,879 - INFO - 원본 데이터 로드 완료:
2025-09-08 12:43:17,879 - INFO -   - 총 행 수: 1,671,457개
2025-09-08 12:43:17,887 - INFO -   - 고유 timekey_hr: 2136개
2025-09-08 12:43:17,887 - INFO - 통합된 범주형 변수 설정:
2025-09-08 12:43:17,887 - INFO -   - 변수별 카테고리 수: {'oper_group': 277, 'days': 7, 'shift': 3, 'x1': 20}
2025-09-08 12:43:17,887 - INFO -   - 총 vocabulary 크기: 307
2025-09-08 12:43:17,969 - INFO -   - oper_group: 인덱스 0~276 (277개)
2025-09-08 12:43:18,052 - INFO -   - days: 인덱스 277~283 (7개)
2025-09-08 12:43:18,132 - INFO -   - shift: 인덱스 284~286 (3개)
2025-09-08 12:43:18,211 - INFO -   - x1: 인덱스 287~306 (20개)
2025-09-08 12:43:18,211 - INFO -   - 최종 통합 vocabulary 크기: 307
2025-09-08 12:43:18,837 - INFO - 날짜 기준 데이터 분할 완료:
2025-09-08 12:43:18,837 - INFO -   - 총 날짜 수: 90일
2025-09-08 12:43:18,838 - INFO -   - Train: 72일 (1,342,808행)
2025-09-08 12:43:18,838 - INFO -   - Validation: 9일 (170,705행)
2025-09-08 12:43:18,838 - INFO -   - Test: 9일 (157,944행)
2025-09-08 12:43:18,838 - INFO -   - Train 날짜 범위: 20250503 ~ 20250713
2025-09-08 12:43:18,838 - INFO -   - Val 날짜 범위: 20250714 ~ 20250722
2025-09-08 12:43:18,838 - INFO -   - Test 날짜 범위: 20250723 ~ 20250731
2025-09-08 12:43:18,838 - INFO - 
Window sliding 설정:
2025-09-08 12:43:18,838 - INFO -   - Window 크기: 100
2025-09-08 12:43:18,838 - INFO -   - Stride: 100 (비겹침)
2025-09-08 12:43:18,838 - INFO -   - Padding 값: -9999.0
2025-09-08 12:43:39,003 - INFO - Window sliding 결과:
2025-09-08 12:43:39,003 - INFO -   - 총 샘플 수: 13756
2025-09-08 12:43:39,005 - INFO -   - 평균 실제 길이: 97.6
2025-09-08 12:43:39,007 - INFO -   - 최대 실제 길이: 100
2025-09-08 12:43:39,007 - INFO -   - 최소 실제 길이: 1
2025-09-08 12:43:39,009 - INFO -   - 고유한 timekey_hr: 1721개
2025-09-08 12:43:39,009 - INFO -   - timekey_hr당 평균 샘플 수: 8.0개
2025-09-08 12:43:39,013 - INFO - 시퀀스 데이터셋 구성 완료:
2025-09-08 12:43:39,013 - INFO -   - 총 샘플 수: 13756
2025-09-08 12:43:39,013 - INFO -   - Window 크기: 100
2025-09-08 12:43:39,013 - INFO -   - Stride: 100
2025-09-08 12:43:39,013 - INFO -   - 연속형 차원: 20
2025-09-08 12:43:39,013 - INFO -   - 범주형 변수 수: 4
2025-09-08 12:43:39,013 - INFO -   - 임베딩 차원: 8
2025-09-08 12:43:39,013 - INFO -   - 최종 특성 차원: 52
2025-09-08 12:43:39,013 - INFO -   - 패딩값: -9999.0
2025-09-08 12:43:41,576 - INFO - Window sliding 결과:
2025-09-08 12:43:41,576 - INFO -   - 총 샘플 수: 1730
2025-09-08 12:43:41,576 - INFO -   - 평균 실제 길이: 98.7
2025-09-08 12:43:41,576 - INFO -   - 최대 실제 길이: 100
2025-09-08 12:43:41,576 - INFO -   - 최소 실제 길이: 1
2025-09-08 12:43:41,577 - INFO -   - 고유한 timekey_hr: 216개
2025-09-08 12:43:41,577 - INFO -   - timekey_hr당 평균 샘플 수: 8.0개
2025-09-08 12:43:41,578 - INFO - 시퀀스 데이터셋 구성 완료:
2025-09-08 12:43:41,578 - INFO -   - 총 샘플 수: 1730
2025-09-08 12:43:41,578 - INFO -   - Window 크기: 100
2025-09-08 12:43:41,578 - INFO -   - Stride: 100
2025-09-08 12:43:41,578 - INFO -   - 연속형 차원: 20
2025-09-08 12:43:41,578 - INFO -   - 범주형 변수 수: 4
2025-09-08 12:43:41,578 - INFO -   - 임베딩 차원: 8
2025-09-08 12:43:41,578 - INFO -   - 최종 특성 차원: 52
2025-09-08 12:43:41,578 - INFO -   - 패딩값: -9999.0
2025-09-08 12:43:44,052 - INFO - Window sliding 결과:
2025-09-08 12:43:44,053 - INFO -   - 총 샘플 수: 1603
2025-09-08 12:43:44,053 - INFO -   - 평균 실제 길이: 98.5
2025-09-08 12:43:44,053 - INFO -   - 최대 실제 길이: 100
2025-09-08 12:43:44,053 - INFO -   - 최소 실제 길이: 1
2025-09-08 12:43:44,054 - INFO -   - 고유한 timekey_hr: 199개
2025-09-08 12:43:44,054 - INFO -   - timekey_hr당 평균 샘플 수: 8.1개
2025-09-08 12:43:44,054 - INFO - 시퀀스 데이터셋 구성 완료:
2025-09-08 12:43:44,055 - INFO -   - 총 샘플 수: 1603
2025-09-08 12:43:44,055 - INFO -   - Window 크기: 100
2025-09-08 12:43:44,055 - INFO -   - Stride: 100
2025-09-08 12:43:44,055 - INFO -   - 연속형 차원: 20
2025-09-08 12:43:44,055 - INFO -   - 범주형 변수 수: 4
2025-09-08 12:43:44,055 - INFO -   - 임베딩 차원: 8
2025-09-08 12:43:44,055 - INFO -   - 최종 특성 차원: 52
2025-09-08 12:43:44,055 - INFO -   - 패딩값: -9999.0
2025-09-08 12:43:44,056 - INFO - 
데이터로더 생성 완료:
2025-09-08 12:43:44,056 - INFO -   - 배치 크기: 16
2025-09-08 12:43:44,056 - INFO -   - Train 배치 수: 860
2025-09-08 12:43:44,056 - INFO -   - Val 배치 수: 109
2025-09-08 12:43:44,056 - INFO -   - Test 배치 수: 101
2025-09-08 12:43:44,056 - INFO -   - 최종 특성 차원: 52
2025-09-08 12:43:44,152 - INFO - 모델 생성 중...
2025-09-08 12:43:45,502 - INFO - 데이터로더에서 추출한 특성 차원: 52
2025-09-08 12:43:45,502 - INFO - 모델 생성 중:
2025-09-08 12:43:45,502 - INFO -   - 모델 타입: transformer
2025-09-08 12:43:45,502 - INFO -   - 입력 특성 차원: 52
2025-09-08 12:43:45,502 - INFO -   - 히든 차원: 128
2025-09-08 12:43:45,502 - INFO -   - 레이어 수: 2
2025-09-08 12:43:45,502 - INFO -   - 드롭아웃: 0.1
2025-09-08 12:43:45,511 - INFO -   - d_model: 64
2025-09-08 12:43:45,511 - INFO -   - num_heads: 8
2025-09-08 12:43:45,511 - INFO -   - dim_feedforward: 1024
2025-09-08 12:43:45,511 - INFO -   - 위치 인코딩: 사용
2025-09-08 12:43:45,511 - INFO -   - 총 파라미터 수: 303,617
2025-09-08 12:43:45,511 - INFO -   - 학습 가능한 파라미터 수: 303,617
2025-09-08 12:43:45,511 - INFO - 모델 생성 완료!
2025-09-08 12:43:45,511 - INFO - 훈련 시작...
2025-09-08 12:43:47,867 - INFO - 훈련 시작: 10 에폭, 학습률 0.001
2025-09-08 12:43:47,867 - INFO - 모델 타입: transformer
2025-09-08 12:43:47,867 - INFO - 검증 간격: 2 에폭마다
2025-09-08 12:43:47,867 - INFO - 로깅 간격: 1 에폭마다
2025-09-08 12:43:56,930 - INFO - Epoch   1: Train Loss=0.0379, Train MAPE=122.27% (검증 생략)
2025-09-08 12:44:06,287 - INFO - Epoch   2: Train Loss=0.0281, Val Loss=0.0213, Train MAPE=84.15%, Val MAPE=53.36%
2025-09-08 12:44:06,302 - INFO -   → Best model saved! (Val Loss: 0.0213)
2025-09-08 12:44:14,754 - INFO - Epoch   3: Train Loss=0.0271, Train MAPE=81.96% (검증 생략)
2025-09-08 12:44:22,903 - INFO - Epoch   4: Train Loss=450000.0150, Val Loss=1000000.0000, Train MAPE=nan%, Val MAPE=nan%
2025-09-08 12:44:28,901 - INFO - Epoch   5: Train Loss=1000000.0000, Train MAPE=nan% (검증 생략)
2025-09-08 12:44:35,618 - INFO - Epoch   6: Train Loss=1000000.0000, Val Loss=1000000.0000, Train MAPE=nan%, Val MAPE=nan%
2025-09-08 12:44:41,552 - INFO - Epoch   7: Train Loss=1000000.0000, Train MAPE=nan% (검증 생략)
2025-09-08 12:44:48,268 - INFO - Epoch   8: Train Loss=1000000.0000, Val Loss=1000000.0000, Train MAPE=nan%, Val MAPE=nan%
2025-09-08 12:44:54,224 - INFO - Epoch   9: Train Loss=1000000.0000, Train MAPE=nan% (검증 생략)
2025-09-08 12:45:00,942 - INFO - Epoch  10: Train Loss=1000000.0000, Val Loss=1000000.0000, Train MAPE=nan%, Val MAPE=nan%
2025-09-08 12:45:00,946 - INFO - 훈련 완료, 테스트 시작...
2025-09-08 12:45:00,946 - INFO - 모델 로드: results/250909_transformer_d_model_64_num_heads_4/transformer_20250908_122738.pth
2025-09-08 12:45:00,967 - INFO - 테스트 시작
2025-09-08 12:45:03,611 - INFO - 테스트 결과: RMSE=0.1545, MAE=0.0541, MAPE=8877.37%
2025-09-08 12:45:03,611 - INFO - 구조화된 예측 결과: 157,944개
2025-09-08 12:45:03,612 - INFO - 결과 저장 완료: results/250909_transformer_d_model_64_num_heads_4/transformer_20250908_122738_results.json
2025-09-08 12:45:05,222 - INFO - 구조화된 예측 결과 저장:
2025-09-08 12:45:05,222 - INFO -   - 파일 경로: results/250909_transformer_d_model_64_num_heads_4/transformer_20250908_122738_predictions.csv
2025-09-08 12:45:05,222 - INFO -   - 저장된 예측 개수: 157,944개
2025-09-08 12:45:05,223 - INFO -   - 고유한 timekey_hr: 199개
2025-09-08 12:45:05,231 - INFO -   - 고유한 oper_id: 813개
2025-09-08 12:45:05,235 - INFO -   - 고유한 first_oper_id: 126개
2025-09-08 12:45:05,241 - INFO -   - 고유한 last_oper_id: 121개
2025-09-08 12:45:05,241 - INFO -   - 평균 윈도우 길이: 99.3
2025-09-08 12:45:05,241 - INFO - ==================================================
2025-09-08 12:45:05,241 - INFO - 실험 완료: transformer_20250908_122738
2025-09-08 12:45:05,241 - INFO - 모델 타입: transformer
2025-09-08 12:45:05,241 - INFO - 테스트 RMSE: 0.1545
2025-09-08 12:45:05,242 - INFO - 테스트 MAE: 0.0541
2025-09-08 12:45:05,242 - INFO - 테스트 MAPE: 8877.37%
2025-09-08 12:45:05,242 - INFO - 총 파라미터 수: 303,617
2025-09-08 12:45:05,242 - INFO - 학습 가능한 파라미터 수: 303,617
2025-09-08 12:45:05,242 - INFO - 모델 저장 위치: results/250909_transformer_d_model_64_num_heads_4/transformer_20250908_122738.pth
2025-09-08 12:45:05,242 - INFO - 결과 저장 위치: results/250909_transformer_d_model_64_num_heads_4/transformer_20250908_122738_results.json
2025-09-08 12:45:05,242 - INFO - ==================================================
2025-09-08 13:09:49,494 - INFO - Using device: cuda:0
2025-09-08 13:09:49,494 - INFO - 데이터 로딩 중...
2025-09-08 13:26:03,893 - INFO - y값 제거 후: 1671457행
2025-09-08 13:26:03,894 - INFO - 
Inf 값 확인:
2025-09-08 13:26:03,906 - INFO -      → 아주 큰 값(100000.0)으로 대체
2025-09-08 13:26:04,383 - INFO - 원본 데이터 로드 완료:
2025-09-08 13:26:04,383 - INFO -   - 총 행 수: 1,671,457개
2025-09-08 13:26:04,391 - INFO -   - 고유 timekey_hr: 2136개
2025-09-08 13:26:04,391 - INFO - 통합된 범주형 변수 설정:
2025-09-08 13:26:04,391 - INFO -   - 변수별 카테고리 수: {'oper_group': 277, 'days': 7, 'shift': 3, 'x1': 20}
2025-09-08 13:26:04,391 - INFO -   - 총 vocabulary 크기: 307
2025-09-08 13:26:04,491 - INFO -   - oper_group: 인덱스 0~276 (277개)
2025-09-08 13:26:04,588 - INFO -   - days: 인덱스 277~283 (7개)
2025-09-08 13:26:04,682 - INFO -   - shift: 인덱스 284~286 (3개)
2025-09-08 13:26:04,770 - INFO -   - x1: 인덱스 287~306 (20개)
2025-09-08 13:26:04,770 - INFO -   - 최종 통합 vocabulary 크기: 307
2025-09-08 13:26:05,396 - INFO - 날짜 기준 데이터 분할 완료:
2025-09-08 13:26:05,397 - INFO -   - 총 날짜 수: 90일
2025-09-08 13:26:05,397 - INFO -   - Train: 72일 (1,342,808행)
2025-09-08 13:26:05,397 - INFO -   - Validation: 9일 (170,705행)
2025-09-08 13:26:05,397 - INFO -   - Test: 9일 (157,944행)
2025-09-08 13:26:05,397 - INFO -   - Train 날짜 범위: 20250503 ~ 20250713
2025-09-08 13:26:05,397 - INFO -   - Val 날짜 범위: 20250714 ~ 20250722
2025-09-08 13:26:05,397 - INFO -   - Test 날짜 범위: 20250723 ~ 20250731
2025-09-08 13:26:05,397 - INFO - 
Window sliding 설정:
2025-09-08 13:26:05,397 - INFO -   - Window 크기: 100
2025-09-08 13:26:05,397 - INFO -   - Stride: 100 (비겹침)
2025-09-08 13:26:05,397 - INFO -   - Padding 값: -999.0
2025-09-08 13:26:26,367 - INFO - Window sliding 결과:
2025-09-08 13:26:26,367 - INFO -   - 총 샘플 수: 13756
2025-09-08 13:26:26,370 - INFO -   - 평균 실제 길이: 97.6
2025-09-08 13:26:26,371 - INFO -   - 최대 실제 길이: 100
2025-09-08 13:26:26,371 - INFO -   - 최소 실제 길이: 1
2025-09-08 13:26:26,373 - INFO -   - 고유한 timekey_hr: 1721개
2025-09-08 13:26:26,373 - INFO -   - timekey_hr당 평균 샘플 수: 8.0개
2025-09-08 13:26:26,377 - INFO - 시퀀스 데이터셋 구성 완료:
2025-09-08 13:26:26,377 - INFO -   - 총 샘플 수: 13756
2025-09-08 13:26:26,377 - INFO -   - Window 크기: 100
2025-09-08 13:26:26,377 - INFO -   - Stride: 100
2025-09-08 13:26:26,378 - INFO -   - 연속형 차원: 20
2025-09-08 13:26:26,378 - INFO -   - 범주형 변수 수: 4
2025-09-08 13:26:26,378 - INFO -   - 임베딩 차원: 8
2025-09-08 13:26:26,378 - INFO -   - 최종 특성 차원: 52
2025-09-08 13:26:26,378 - INFO -   - 패딩값: -999.0
2025-09-08 13:26:28,738 - INFO - Window sliding 결과:
2025-09-08 13:26:28,738 - INFO -   - 총 샘플 수: 1730
2025-09-08 13:26:28,739 - INFO -   - 평균 실제 길이: 98.7
2025-09-08 13:26:28,739 - INFO -   - 최대 실제 길이: 100
2025-09-08 13:26:28,739 - INFO -   - 최소 실제 길이: 1
2025-09-08 13:26:28,740 - INFO -   - 고유한 timekey_hr: 216개
2025-09-08 13:26:28,740 - INFO -   - timekey_hr당 평균 샘플 수: 8.0개
2025-09-08 13:26:28,741 - INFO - 시퀀스 데이터셋 구성 완료:
2025-09-08 13:26:28,741 - INFO -   - 총 샘플 수: 1730
2025-09-08 13:26:28,741 - INFO -   - Window 크기: 100
2025-09-08 13:26:28,741 - INFO -   - Stride: 100
2025-09-08 13:26:28,741 - INFO -   - 연속형 차원: 20
2025-09-08 13:26:28,741 - INFO -   - 범주형 변수 수: 4
2025-09-08 13:26:28,741 - INFO -   - 임베딩 차원: 8
2025-09-08 13:26:28,741 - INFO -   - 최종 특성 차원: 52
2025-09-08 13:26:28,741 - INFO -   - 패딩값: -999.0
2025-09-08 13:26:31,033 - INFO - Window sliding 결과:
2025-09-08 13:26:31,034 - INFO -   - 총 샘플 수: 1603
2025-09-08 13:26:31,034 - INFO -   - 평균 실제 길이: 98.5
2025-09-08 13:26:31,034 - INFO -   - 최대 실제 길이: 100
2025-09-08 13:26:31,034 - INFO -   - 최소 실제 길이: 1
2025-09-08 13:26:31,035 - INFO -   - 고유한 timekey_hr: 199개
2025-09-08 13:26:31,035 - INFO -   - timekey_hr당 평균 샘플 수: 8.1개
2025-09-08 13:26:31,036 - INFO - 시퀀스 데이터셋 구성 완료:
2025-09-08 13:26:31,036 - INFO -   - 총 샘플 수: 1603
2025-09-08 13:26:31,036 - INFO -   - Window 크기: 100
2025-09-08 13:26:31,036 - INFO -   - Stride: 100
2025-09-08 13:26:31,036 - INFO -   - 연속형 차원: 20
2025-09-08 13:26:31,036 - INFO -   - 범주형 변수 수: 4
2025-09-08 13:26:31,036 - INFO -   - 임베딩 차원: 8
2025-09-08 13:26:31,036 - INFO -   - 최종 특성 차원: 52
2025-09-08 13:26:31,036 - INFO -   - 패딩값: -999.0
2025-09-08 13:26:31,037 - INFO - 
데이터로더 생성 완료:
2025-09-08 13:26:31,037 - INFO -   - 배치 크기: 16
2025-09-08 13:26:31,037 - INFO -   - Train 배치 수: 860
2025-09-08 13:26:31,037 - INFO -   - Val 배치 수: 109
2025-09-08 13:26:31,037 - INFO -   - Test 배치 수: 101
2025-09-08 13:26:31,037 - INFO -   - 최종 특성 차원: 52
2025-09-08 13:26:31,134 - INFO - 모델 생성 중...
2025-09-08 13:26:32,633 - INFO - 데이터로더에서 추출한 특성 차원: 52
2025-09-08 13:26:32,633 - INFO - 모델 생성 중:
2025-09-08 13:26:32,633 - INFO -   - 모델 타입: transformer
2025-09-08 13:26:32,633 - INFO -   - 입력 특성 차원: 52
2025-09-08 13:26:32,633 - INFO -   - 히든 차원: 128
2025-09-08 13:26:32,633 - INFO -   - 레이어 수: 2
2025-09-08 13:26:32,633 - INFO -   - 드롭아웃: 0.1
2025-09-08 13:26:32,641 - INFO -   - d_model: 64
2025-09-08 13:26:32,641 - INFO -   - num_heads: 8
2025-09-08 13:26:32,641 - INFO -   - dim_feedforward: 1024
2025-09-08 13:26:32,641 - INFO -   - 위치 인코딩: 사용
2025-09-08 13:26:32,642 - INFO -   - 총 파라미터 수: 303,617
2025-09-08 13:26:32,642 - INFO -   - 학습 가능한 파라미터 수: 303,617
2025-09-08 13:26:32,642 - INFO - 모델 생성 완료!
2025-09-08 13:26:32,642 - INFO - 훈련 시작...
2025-09-08 13:26:34,803 - INFO - 훈련 시작: 10 에폭, 학습률 0.001
2025-09-08 13:26:34,803 - INFO - 모델 타입: transformer
2025-09-08 13:26:34,803 - INFO - 검증 간격: 2 에폭마다
2025-09-08 13:26:34,803 - INFO - 로깅 간격: 1 에폭마다
2025-09-08 13:26:43,804 - INFO - Epoch   1: Train Loss=0.0379, Train MAPE=122.27% (검증 생략)
2025-09-08 13:26:53,156 - INFO - Epoch   2: Train Loss=0.0281, Val Loss=0.0213, Train MAPE=84.15%, Val MAPE=53.36%
2025-09-08 13:26:53,173 - INFO -   → Best model saved! (Val Loss: 0.0213)
2025-09-08 13:27:01,628 - INFO - Epoch   3: Train Loss=0.0271, Train MAPE=81.96% (검증 생략)
2025-09-08 13:27:09,816 - INFO - Epoch   4: Train Loss=450000.0150, Val Loss=1000000.0000, Train MAPE=nan%, Val MAPE=nan%
2025-09-08 13:27:15,768 - INFO - Epoch   5: Train Loss=1000000.0000, Train MAPE=nan% (검증 생략)
2025-09-08 13:27:22,568 - INFO - Epoch   6: Train Loss=1000000.0000, Val Loss=1000000.0000, Train MAPE=nan%, Val MAPE=nan%
2025-09-08 13:27:28,562 - INFO - Epoch   7: Train Loss=1000000.0000, Train MAPE=nan% (검증 생략)
2025-09-08 13:27:35,306 - INFO - Epoch   8: Train Loss=1000000.0000, Val Loss=1000000.0000, Train MAPE=nan%, Val MAPE=nan%
2025-09-08 13:27:41,220 - INFO - Epoch   9: Train Loss=1000000.0000, Train MAPE=nan% (검증 생략)
2025-09-08 13:27:48,054 - INFO - Epoch  10: Train Loss=1000000.0000, Val Loss=1000000.0000, Train MAPE=nan%, Val MAPE=nan%
2025-09-08 13:27:48,056 - INFO - 훈련 완료, 테스트 시작...
2025-09-08 13:27:48,056 - INFO - 모델 로드: results/250909_transformer_d_model_64_num_heads_4/transformer_20250908_130948.pth
2025-09-08 13:27:48,077 - INFO - 테스트 시작
2025-09-08 13:27:50,726 - INFO - 테스트 결과: RMSE=0.1545, MAE=0.0541, MAPE=8877.37%
2025-09-08 13:27:50,726 - INFO - 구조화된 예측 결과: 157,944개
2025-09-08 13:27:50,728 - INFO - 결과 저장 완료: results/250909_transformer_d_model_64_num_heads_4/transformer_20250908_130948_results.json
2025-09-08 13:27:52,378 - INFO - 구조화된 예측 결과 저장:
2025-09-08 13:27:52,378 - INFO -   - 파일 경로: results/250909_transformer_d_model_64_num_heads_4/transformer_20250908_130948_predictions.csv
2025-09-08 13:27:52,378 - INFO -   - 저장된 예측 개수: 157,944개
2025-09-08 13:27:52,379 - INFO -   - 고유한 timekey_hr: 199개
2025-09-08 13:27:52,385 - INFO -   - 고유한 oper_id: 813개
2025-09-08 13:27:52,390 - INFO -   - 고유한 first_oper_id: 126개
2025-09-08 13:27:52,396 - INFO -   - 고유한 last_oper_id: 121개
2025-09-08 13:27:52,396 - INFO -   - 평균 윈도우 길이: 99.3
2025-09-08 13:27:52,396 - INFO - ==================================================
2025-09-08 13:27:52,396 - INFO - 실험 완료: transformer_20250908_130948
2025-09-08 13:27:52,396 - INFO - 모델 타입: transformer
2025-09-08 13:27:52,396 - INFO - 테스트 RMSE: 0.1545
2025-09-08 13:27:52,396 - INFO - 테스트 MAE: 0.0541
2025-09-08 13:27:52,396 - INFO - 테스트 MAPE: 8877.37%
2025-09-08 13:27:52,396 - INFO - 총 파라미터 수: 303,617
2025-09-08 13:27:52,397 - INFO - 학습 가능한 파라미터 수: 303,617
2025-09-08 13:27:52,397 - INFO - 모델 저장 위치: results/250909_transformer_d_model_64_num_heads_4/transformer_20250908_130948.pth
2025-09-08 13:27:52,397 - INFO - 결과 저장 위치: results/250909_transformer_d_model_64_num_heads_4/transformer_20250908_130948_results.json
2025-09-08 13:27:52,397 - INFO - ==================================================
